client/src/pages/shop.tsx(136,21): error TS18046: 'cartItems' is of type 'unknown'.
client/src/pages/shop.tsx(163,20): error TS18046: 'cartItems' is of type 'unknown'.
client/src/pages/shop.tsx(164,14): error TS18046: 'cartItems' is of type 'unknown'.
client/src/pages/shop.tsx(166,18): error TS18046: 'cartItems' is of type 'unknown'.
client/src/pages/shop.tsx(258,18): error TS18046: 'cartItems' is of type 'unknown'.
client/src/pages/shop.tsx(265,22): error TS18046: 'cartItems' is of type 'unknown'.
server/memoryStorage.ts(35,14): error TS2420: Class 'MemoryStorage' incorrectly implements interface 'IStorage'.
  Type 'MemoryStorage' is missing the following properties from type 'IStorage': createMatchAvailability, getMatchAvailability, createPlayerAvailability, getPlayerAvailability
server/memoryStorage.ts(177,11): error TS2741: Property 'region' is missing in type '{ id: string; email: string; password: string; username: string | null; firstName: string | null; lastName: string | null; profileImageUrl: string | null; dateOfBirth: Date | null; ... 4 more ...; updatedAt: Date; }' but required in type 'User'.
server/memoryStorage.ts(203,13): error TS2741: Property 'region' is missing in type '{ id: string; email: string; password: string; username: string | null; firstName: string | null; lastName: string | null; profileImageUrl: string | null; dateOfBirth: Date | null; ... 4 more ...; updatedAt: Date; }' but required in type 'User'.
server/memoryStorage.ts(1015,11): error TS2739: Type '{ id: string; recipientUserId: string | null; recipientPlayerId: string | null; recipientEmail: string | null; senderName: string; senderEmail: string; senderPhone: string; type: "match_request" | "booking_request" | "booking_accepted"; ... 6 more ...; readAt: null; }' is missing the following properties from type 'Notification': senderPlace, preferredTiming
server/replitAuth.ts(61,28): error TS2345: Argument of type '{ id: any; email: any; firstName: any; lastName: any; profileImageUrl: any; dateOfBirth: null; location: null; phoneNumber: null; isAdmin: false; }' is not assignable to parameter of type 'UpsertUser'.
  Type '{ id: any; email: any; firstName: any; lastName: any; profileImageUrl: any; dateOfBirth: null; location: null; phoneNumber: null; isAdmin: false; }' is missing the following properties from type 'Omit<User, "password" | "createdAt" | "updatedAt">': region, username
